
   WARN  Metadata found in doc-comment for method Tests\Feature\Accounting\AutomatedEntryTest::it_creates_accounting_entry_on_sale_confirmation(). Metadata in doc-comments is deprecated and will no longer be supported in PHPUnit 12. Update your test code to use attributes instead.

   WARN  Metadata found in doc-comment for method Tests\Feature\Accounting\AutomatedEntryTest::it_actually_creates_the_db_records(). Metadata in doc-comments is deprecated and will no longer be supported in PHPUnit 12. Update your test code to use attributes instead.

   FAIL  Tests\Feature\Accounting\AutomatedEntryTest
  Γ¿» it creates accounting entryΓÇª 0.44s  
  Γ¿» it actually creates the dbΓÇª  0.07s  
  ΓöÇΓöÇΓöÇΓöÇΓöÇΓöÇΓöÇΓöÇΓöÇΓöÇΓöÇΓöÇΓöÇΓöÇΓöÇΓöÇΓöÇΓöÇΓöÇΓöÇΓöÇΓöÇΓöÇΓöÇΓöÇΓöÇΓöÇΓöÇΓöÇΓöÇΓöÇΓöÇΓöÇΓöÇΓöÇΓöÇ  
   FAILED  Tests\FeatureΓÇª  Exception   
  Stock insuficiente. Disponible: 0, Requerido: 1

  at app\Domain\Inventory\Services\StockValidationService.php:22
     18Γûò     {
     19Γûò         $currentStock = $this->repository->getStock($bodegaId, $productoId);
     20Γûò 
     21Γûò         if ($currentStock < $cantidadRequerida) {
  Γ₧£  22Γûò             throw new Exception("Stock insuficiente. Disponible: {$currentStock}, Requerido: {$cantidadRequerida}");
     23Γûò         }
     24Γûò     }
     25Γûò }
     26Γûò

  1   app\Domain\Inventory\Services\StockValidationService.php:22
  2   app\Application\Sales\CreateVentaService.php:36

  ΓöÇΓöÇΓöÇΓöÇΓöÇΓöÇΓöÇΓöÇΓöÇΓöÇΓöÇΓöÇΓöÇΓöÇΓöÇΓöÇΓöÇΓöÇΓöÇΓöÇΓöÇΓöÇΓöÇΓöÇΓöÇΓöÇΓöÇΓöÇΓöÇΓöÇΓöÇΓöÇΓöÇΓöÇΓöÇΓöÇ  
   FAILED  Tests\FeatureΓÇª  Exception   
  Stock insuficiente. Disponible: 0, Requerido: 1

  at app\Domain\Inventory\Services\StockValidationService.php:22
     18Γûò     {
     19Γûò         $currentStock = $this->repository->getStock($bodegaId, $productoId);
     20Γûò 
     21Γûò         if ($currentStock < $cantidadRequerida) {
  Γ₧£  22Γûò             throw new Exception("Stock insuficiente. Disponible: {$currentStock}, Requerido: {$cantidadRequerida}");
     23Γûò         }
     24Γûò     }
     25Γûò }
     26Γûò

  1   app\Domain\Inventory\Services\StockValidationService.php:22
  2   app\Application\Sales\CreateVentaService.php:36


  Tests:    2 failed (0 assertions)
  Duration: 0.73s

